// Jest Snapshot v1, https://goo.gl/fbAQLP

exports[`Component: Search should match its empty snapshot 1`] = `
<div>
  <div
    className="search btn-toolbar"
    role="toolbar"
  >
    <form
      onSubmit={[Function]}
    >
      <div
        className="search-container"
      >
        Location:
        <input
          placeholder={undefined}
          type="text"
        />
        <input
          className="button"
          type="submit"
          value="Search!"
        />
      </div>
    </form>
  </div>
</div>
`;
